{
    "files": [
        "signature",
        "manifest.json",
        "pass.json",
        "icon.png"
    ],
    "manifest": {
        "pass.json": "<random>",
        "icon.png": "<random>"
    },
    "pass": {
        "description": "Hello!",
        "formatVersion": 1,
        "organizationName": "Spatie",
        "passTypeIdentifier": "pass.app.gowallet",
        "serialNumber": "<random>",
        "teamIdentifier": "2SQU7LWHMY",
        "generic": {
            "headerFields": [
                {
                    "key": "flight-no",
                    "label": "Flight",
                    "value": "UPDATED"
                },
                {
                    "key": "seat",
                    "label": "Seat",
                    "value": "66F"
                }
            ]
        }
    }
}
