{
    "files": [
        "signature",
        "manifest.json",
        "pass.json",
        "icon.png"
    ],
    "manifest": {
        "pass.json": "<random>",
        "icon.png": "<random>"
    },
    "pass": {
        "description": "Hello!",
        "formatVersion": 1,
        "organizationName": "My organisation",
        "passTypeIdentifier": "pass.app.gowallet",
        "serialNumber": "<random>",
        "teamIdentifier": "2SQU7LWHMY",
        "semantics": {
            "departureLocationDescription": "Abu Dhabi Intl",
            "destinationLocationDescription": "Abu Dhabi Intl",
            "seats": [
                {
                    "number": "66F"
                }
            ]
        },
        "boardingPass": {
            "transitType": "PKTransitTypeAir"
        }
    }
}