{
    "files": [
        "signature",
        "manifest.json",
        "pass.json",
        "icon.png"
    ],
    "manifest": {
        "pass.json": "<random>",
        "icon.png": "<random>"
    },
    "pass": {
        "description": "Hello!",
        "formatVersion": 1,
        "organizationName": "My organization",
        "passTypeIdentifier": "pass.com.example",
        "serialNumber": "<random>",
        "teamIdentifier": "ABCD1234EF",
        "eventTicket": {
            "headerFields": [
                {
                    "key": "event",
                    "label": "Event",
                    "value": "Laracon EU"
                }
            ],
            "primaryFields": [
                {
                    "key": "venue",
                    "label": "Venue",
                    "value": "Amsterdam"
                }
            ],
            "secondaryFields": [
                {
                    "key": "name",
                    "label": "Name",
                    "value": "Dan Johnson"
                }
            ],
            "auxiliaryFields": [
                {
                    "key": "seat",
                    "label": "Seat",
                    "value": "A12"
                }
            ]
        }
    }
}